---
source: compiler-core/src/cplusplus/tests/records.rs
expression: "\npub type Either(left_type, right_type) {\n  Left(v: left_type)\n  Right(v: right_type)\n}\n"
---
#ifndef MY_PACKAGE_MY_MODULE_H_
#define MY_PACKAGE_MY_MODULE_H_

#include <gleam.h>

namespace my {
namespace module {

class Either;

class Left;

class Right;

class Either {
public:
  Either() {}
  virtual ~Either() {}
  
private:
  
};

class Left : public Either {
public:
  Left(T$8 v) : Either(), m$v(v) {}
  T$8 v() const { return m$v; }
private:
  T$8 m$v;
};

class Right : public Either {
public:
  Right(T$9 v) : Either(), m$v(v) {}
  T$9 v() const { return m$v; }
private:
  T$9 m$v;
};

} // namespace my
} // namespace module

#endif // MY_PACKAGE_MY_MODULE_H_

---
#include "module.h"

namespace my {
namespace module {



} // namespace my
} // namespace module

