---
source: compiler-core/src/cplusplus/tests/records.rs
expression: "\npub type Box(inner_type) {\n  Box(inner: inner_type)\n}\n"
---
#ifndef MY_PACKAGE_MY_MODULE_H_
#define MY_PACKAGE_MY_MODULE_H_

#include <gleam.h>

namespace my {
namespace module {

class Box;

class Box {
public:
  Box(? inner) : m$inner(inner) {}
  ? inner() const { return m$inner; }
private:
  ? m$inner;
};

} // namespace my
} // namespace module

#endif // MY_PACKAGE_MY_MODULE_H_

---
#include "module.h"

namespace my {
namespace module {



} // namespace my
} // namespace module

